[backblue.gif]
[fade.gif]
[index.html]
[www.dispertapa-kotabandung.com/css/images/favicon.png]
[www.dispertapa-kotabandung.com/includes/jquery-1.6.28b2f.js]
[www.dispertapa-kotabandung.com/includes/jquery-ui-1.8.13.custom.min368f.js]
[www.dispertapa-kotabandung.com/js/jquery-1.4.2.js]
[www.dispertapa-kotabandung.com/js/jquery.tweet.js]
[www.dispertapa-kotabandung.com/js/fancybox/jquery.fancybox-1.3.2.js]
[www.dispertapa-kotabandung.com/js/fancybox/jquery.mousewheel-3.0.2.pack.js]
[www.dispertapa-kotabandung.com/js/easySlider1.5.js]
[www.dispertapa-kotabandung.com/js/functions.js]
[www.dispertapa-kotabandung.com/includes/jquery.cycle.lite2ec3.js]
[www.dispertapa-kotabandung.com/js/jcarousellite_1.0.1c4.js]
[www.dispertapa-kotabandung.com/images_content/lide1.png]
[www.dispertapa-kotabandung.com/images_content/lide1-2.png]
[www.dispertapa-kotabandung.com/images/selamat.png]
[www.dispertapa-kotabandung.com/images_content/thumb_andung Agrimarket.jpg]
[www.dispertapa-kotabandung.com/images_content/andung Agrimarket.jpg]
[www.dispertapa-kotabandung.com/images_content/thumb_GD kampung berkebun.jpg]
[www.dispertapa-kotabandung.com/images_content/GD kampung berkebun.jpg]
[www.dispertapa-kotabandung.com/images_content/thumb_New Picture (37).png]
[www.dispertapa-kotabandung.com/images_content/New Picture (37).png]
[www.dispertapa-kotabandung.com/images_content/thumb_aunching Outlet Bunga Potong Berpendingin Solar Cell.jpg]
[www.dispertapa-kotabandung.com/images_content/aunching Outlet Bunga Potong Berpendingin Solar Cell.jpg]
[www.dispertapa-kotabandung.com/images_content/thumb_New Picture (36).png]
[www.dispertapa-kotabandung.com/images_content/New Picture (36).png]
[www.dispertapa-kotabandung.com/images_content/thumb_elatihan kelompok sasaran bandung berkebun 2.jpg]
[www.dispertapa-kotabandung.com/images_content/elatihan kelompok sasaran bandung berkebun 2.jpg]
[www.dispertapa-kotabandung.com/css/images/home-box-image1.gif]
[www.dispertapa-kotabandung.com/images/berita/thumb_180102112127-puluhan-pasar-tradisional-dan-retail-di-kota-bandung-miliki-mini-labolatorium.jpg]
[www.dispertapa-kotabandung.com/images/berita/thumb_kartu tani.jpg]
[www.dispertapa-kotabandung.com/images/berita/thumb_70c1ca3d-a131-4252-a44b-8eb2eaff9e9a_169.jpg]
[www.dispertapa-kotabandung.com/images/berita/thumb_ELLY WASLIYAH.jpg]
[www.dispertapa-kotabandung.com/images/berita/thumb_171206141421-miliki-mobil-mini-lab-kini-dispangtan-kota-bandung-bisa-tes-halal-di-pasar.jpg]
[www.dispertapa-kotabandung.com/images/berita/thumb_171206143051-jual-beras-di-atas-het-izin-pedagang-akan-dicabut.jpg]
[www.dispertapa-kotabandung.com/images/berita/thumb_ELLY WASLIAH.jpg]
[www.dispertapa-kotabandung.com/images/berita/thumb_070713_RHN-BISNIS-01-HARGA-DAGING-SAPI.jpg]
[www.dispertapa-kotabandung.com/images/berita/thumb_dharma-wanita_20171123_182224.jpg]
[www.dispertapa-kotabandung.com/images/berita/thumb_berita-stok-beras-over-daya-beli-lesu-39648_a.jpg]
[www.dispertapa-kotabandung.com/images/berita/thumb_171116175938-warga-bandung-yang-kena-bencana-bisa-minta-bantuan-beras.jpg]
[www.dispertapa-kotabandung.com/images/berita/thumb_WIRAUSAHA.jpg]
[www.dispertapa-kotabandung.com/images/berita/thumb_171031202142-surat-rekomendasi-dari-dispangtan-permudah-pemasaran-produk-ukm.jpg]
[www.dispertapa-kotabandung.com/images/berita/thumb_beras_20171019_135959.jpg]
[www.dispertapa-kotabandung.com/images/berita/thumb_musnah.jpg]
[www.dispertapa-kotabandung.com/images/berita/thumb_ikan dori.jpg]
[www.dispertapa-kotabandung.com/images/berita/thumb_852233894_198273.jpg]
[www.dispertapa-kotabandung.com/images/berita/thumb_DISPANGTANNNNgemarmunumsusu.jpg]
[www.dispertapa-kotabandung.com/images/berita/thumb_minilab 3oktober.jpg]
[www.dispertapa-kotabandung.com/images/no_image.png]
[www.dispertapa-kotabandung.com/images/berita/thumb_cacing-hati-pada-hewan-_160912161601-563.jpg]
[www.dispertapa-kotabandung.com/images/berita/thumb_13-401-hewan-kurban-dipotong-di-kota-bandung-Pqq.jpg]
[www.dispertapa-kotabandung.com/images/berita/thumb_750x500-dinas-pangan-dan-pertanian-kota-bandung-terjunkan-60-petugas-periksa-hewan-kurban-1708160.jpg]
[www.dispertapa-kotabandung.com/images/berita/thumb_pameran ikan hias kota bandung.jpg]
[www.dispertapa-kotabandung.com/images/berita/thumb_BAM 2017.jpg]
[www.dispertapa-kotabandung.com/images/berita/thumb_bam 2017 prfm.jpg]
[www.dispertapa-kotabandung.com/images/berita/thumb_BAM Galamedia.jpg]
[www.dispertapa-kotabandung.com/images/berita/thumb_pelatihan gratis kepada warga.jpg]
[www.dispertapa-kotabandung.com/images/berita/thumb_sapi betina.jpg]
[www.dispertapa-kotabandung.com/images/berita/thumb_urban farming.jpg]
[www.dispertapa-kotabandung.com/images/berita/thumb_petani-cabai-desa-cilingga_20170112_115911.jpg]
[www.dispertapa-kotabandung.com/images/berita/thumb_009557800_1465448337-20160609-300-Ton-Daging-Beku-Australia-Tiba-di-Bulog-Fanani-7.jpg]
[www.dispertapa-kotabandung.com/images/berita/thumb_2062de6d-b763-4625-8a3d-59bff131a867_169.jpg]
[www.dispertapa-kotabandung.com/images/berita/thumb_domba-se-kota-bandung-ikut-kontes-ternak-domba_20170523_155302.jpg]
[www.dispertapa-kotabandung.com/images/berita/thumb_workshop-peternak-domba-dan-kambing-bandung_20170516_185139.jpg]
[www.dispertapa-kotabandung.com/images/berita/thumb_045645500-1440661066-pedagang-sembako-4-574c3147ef92739e0744bc84.jpg]
[www.dispertapa-kotabandung.com/images/berita/thumb_170509220552-kadis-pangan-dan-pertanian-elly-wasliah-jelang-ramadan-stok-pangan-kota-bandung-aman.jpg]
[www.dispertapa-kotabandung.com/images/berita/thumb_sosialisasi cppd.jpg]
[www.dispertapa-kotabandung.com/images/berita/thumb_pangan makan.jpg]
[www.dispertapa-kotabandung.com/images/berita/thumb_kastuba.jpg]
[www.dispertapa-kotabandung.com/images/berita/thumb_WUB.jpg]
[www.dispertapa-kotabandung.com/images/berita/thumb_tokoh_2017_04_20_113136_big.jpg]
[www.dispertapa-kotabandung.com/images/berita/thumb_petani-menanam-padi-di-kawasan-persawahannya-ilustrasi-_150923182148-800.jpg]
[www.dispertapa-kotabandung.com/images/berita/thumb_11042017-minilab-security.jpg]
[www.dispertapa-kotabandung.com/images/berita/thumb_dinas-pertanian_20170402_125215.jpg]
[www.dispertapa-kotabandung.com/images/berita/thumb_bandung-agri-market_20170402_121424.jpg]
[www.dispertapa-kotabandung.com/images/berita/thumb_IMG_2596.jpg]
[www.dispertapa-kotabandung.com/images/berita/thumb_IMG-20170220-WA0028.jpg]
[www.dispertapa-kotabandung.com/images/berita/thumb_bukadisdipetburgpuyuh.jpg]
[www.dispertapa-kotabandung.com/images/berita/thumb_burung-puyuh_20170216_191916.jpg]
[www.dispertapa-kotabandung.com/images/berita/thumb_1511278IMG-20170216-111449780x390.jpg]
[www.dispertapa-kotabandung.com/images/berita/thumb_burung-puyuh-1-730x355.jpg]
[www.dispertapa-kotabandung.com/images/berita/thumb_dscf0698.jpg]
[www.dispertapa-kotabandung.com/images/berita/thumb_www.inilahkoran.com.jpg]
[www.dispertapa-kotabandung.com/images/berita/thumb_oded (3).jpg]
[www.dispertapa-kotabandung.com/images/berita/thumb_satu-hari-tanpa-nasi-ilustrasi-_120609134209-650.jpg]
[www.dispertapa-kotabandung.com/images/berita/thumb_ikan hias.jpg]
[www.dispertapa-kotabandung.com/images/berita/thumb_lab.jpg]
[www.dispertapa-kotabandung.com/images/berita/thumb_sidak-mi-berformalin_bandung_20150713_132937.jpg]
[www.dispertapa-kotabandung.com/images/berita/thumb_sawah.jpg]
[www.dispertapa-kotabandung.com/images/berita/thumb_asd.jpg]
[www.dispertapa-kotabandung.com/images/berita/thumb_kampanye-sayur-dan-buah-lokal-di-sd_20160722_152343.jpg]
[www.dispertapa-kotabandung.com/images/berita/thumb_iskid-group.jpg]
[www.dispertapa-kotabandung.com/images/berita/thumb_erita1.jpg]
[www.dispertapa-kotabandung.com/images/berita/thumb_erita2.jpg]
[www.dispertapa-kotabandung.com/images/berita/thumb_erita3.jpg]
[www.dispertapa-kotabandung.com/images_content/annersms.jpg]
[www.dispertapa-kotabandung.com/images_content/anner-birms.jpg]
[www.dispertapa-kotabandung.com/images_content/anner-lpse.jpg]
[www.dispertapa-kotabandung.com/images_content/anner-bppt.jpg]
[www.dispertapa-kotabandung.com/images_content/anner-kpu.jpg]
[www.dispertapa-kotabandung.com/images_content/anner-lapor.jpg]
[www.dispertapa-kotabandung.com/images_content/sakip.png]
[www.dispertapa-kotabandung.com/images_content/loghdbandungplanz.png]
[www.dispertapa-kotabandung.com/images/footer-web.png]
[www.dispertapa-kotabandung.com/index.html]
[www.dispertapa-kotabandung.com/css/images/wide-heading-bg.png]
[www.dispertapa-kotabandung.com/css/images/big-wide-heading-bg.png]
[www.dispertapa-kotabandung.com/css/images/green-arrow-btn.gif]
[www.dispertapa-kotabandung.com/css/images/header-bg.gif]
[www.dispertapa-kotabandung.com/css/images/header-home-bg.gif]
[www.dispertapa-kotabandung.com/css/images/logo.png]
[www.dispertapa-kotabandung.com/css/images/slider-shadow.png]
[www.dispertapa-kotabandung.com/css/images/navigation-left.png]
[www.dispertapa-kotabandung.com/css/images/navigation-right.png]
[www.dispertapa-kotabandung.com/css/images/navigation-cnt.png]
[www.dispertapa-kotabandung.com/css/images/navigation-separator.gif]
[www.dispertapa-kotabandung.com/css/images/navigation-hover-pointer.gif]
[www.dispertapa-kotabandung.com/css/images/dd-t.png]
[www.dispertapa-kotabandung.com/css/images/dd-bg.png]
[www.dispertapa-kotabandung.com/css/images/dd-b.png]
[www.dispertapa-kotabandung.com/css/images/dd-li-bg.gif]
[www.dispertapa-kotabandung.com/css/images/dd-arrow.png]
[www.dispertapa-kotabandung.com/css/images/dd-hover.gif]
[www.dispertapa-kotabandung.com/css/images/dd-arrow-hover.png]
[www.dispertapa-kotabandung.com/css/images/dd-li-first.png]
[www.dispertapa-kotabandung.com/css/images/dd-li-last.png]
[www.dispertapa-kotabandung.com/css/images/dd-li-first-hover.png]
[www.dispertapa-kotabandung.com/css/images/dd-li-last-hover.png]
[www.dispertapa-kotabandung.com/css/images/ico-twitter.png]
[www.dispertapa-kotabandung.com/css/images/ico-twitter-hover.png]
[www.dispertapa-kotabandung.com/css/images/ico-facebook.png]
[www.dispertapa-kotabandung.com/css/images/ico-facebook-hover.png]
[www.dispertapa-kotabandung.com/css/images/ico-rss.png]
[www.dispertapa-kotabandung.com/css/images/ico-rss-hover.png]
[www.dispertapa-kotabandung.com/css/images/breadcrumbs-bg.gif]
[www.dispertapa-kotabandung.com/css/images/main-bg.gif]
[www.dispertapa-kotabandung.com/css/images/3cols-heading-bg.png]
[www.dispertapa-kotabandung.com/css/images/request-btn.gif]
[www.dispertapa-kotabandung.com/css/images/ico-css-mayo.gif]
[www.dispertapa-kotabandung.com/css/images/ico-net-magazine.gif]
[www.dispertapa-kotabandung.com/css/images/ico-bbc.gif]
[www.dispertapa-kotabandung.com/css/images/ico-digg.gif]
[www.dispertapa-kotabandung.com/css/images/custom-bullet.png]
[www.dispertapa-kotabandung.com/css/images/service-box-bg.gif]
[www.dispertapa-kotabandung.com/css/images/service-box-b.gif]
[www.dispertapa-kotabandung.com/css/images/blue-service-box-t.gif]
[www.dispertapa-kotabandung.com/css/images/gold-service-box-t.gif]
[www.dispertapa-kotabandung.com/css/images/purchase-template.gif]
[www.dispertapa-kotabandung.com/css/images/four-arrows.png]
[www.dispertapa-kotabandung.com/css/images/arrow-left.png]
[www.dispertapa-kotabandung.com/css/images/arrow-right.png]
[www.dispertapa-kotabandung.com/css/images/cross-button.gif]
[www.dispertapa-kotabandung.com/css/images/project-detailed-image-holder.gif]
[www.dispertapa-kotabandung.com/css/images/project-page-thumbs-holder.gif]
[www.dispertapa-kotabandung.com/css/images/slider-btn.png]
[www.dispertapa-kotabandung.com/css/images/slider-btn-hover.png]
[www.dispertapa-kotabandung.com/css/images/home1-slider.png]
[www.dispertapa-kotabandung.com/css/images/carousel1-prev.png]
[www.dispertapa-kotabandung.com/css/images/carousel1-next.png]
[www.dispertapa-kotabandung.com/css/images/slider1-pagination.gif]
[www.dispertapa-kotabandung.com/css/images/gray-btn.gif]
[www.dispertapa-kotabandung.com/css/images/2cols-wide-heading.png]
[www.dispertapa-kotabandung.com/css/images/2cols-narrow-heading.png]
[www.dispertapa-kotabandung.com/css/images/home-box-bg.gif]
[www.dispertapa-kotabandung.com/css/images/home-box-b.gif]
[www.dispertapa-kotabandung.com/css/images/home-box-t.gif]
[www.dispertapa-kotabandung.com/css/images/slider2-holder.png]
[www.dispertapa-kotabandung.com/css/images/slider-custom-bullet.png]
[www.dispertapa-kotabandung.com/css/images/slider2-bar-bg.png]
[www.dispertapa-kotabandung.com/css/images/carousel-down.png]
[www.dispertapa-kotabandung.com/css/images/carousel-up.png]
[www.dispertapa-kotabandung.com/css/images/ico-calendar.gif]
[www.dispertapa-kotabandung.com/css/images/ico-user.gif]
[www.dispertapa-kotabandung.com/css/images/ico-comments.gif]
[www.dispertapa-kotabandung.com/css/images/blog-pagination.gif]
[www.dispertapa-kotabandung.com/css/images/comment-box-bg.gif]
[www.dispertapa-kotabandung.com/css/images/comment-box-b.gif]
[www.dispertapa-kotabandung.com/css/images/comment-box-t.gif]
[www.dispertapa-kotabandung.com/css/images/reply-btn.gif]
[www.dispertapa-kotabandung.com/css/images/reply-arrow.gif]
[www.dispertapa-kotabandung.com/css/images/reply-box-bg.gif]
[www.dispertapa-kotabandung.com/css/images/reply-box-b.gif]
[www.dispertapa-kotabandung.com/css/images/reply-box-t.gif]
[www.dispertapa-kotabandung.com/css/images/post-comment-btn.gif]
[www.dispertapa-kotabandung.com/css/images/gallery-classic-page-thumb-holder.png]
[www.dispertapa-kotabandung.com/css/images/gallery-hover-effect.png]
[www.dispertapa-kotabandung.com/css/images/error-bg.gif]
[www.dispertapa-kotabandung.com/css/images/error-page-btn.png]
[www.dispertapa-kotabandung.com/css/images/badge.png]
[www.dispertapa-kotabandung.com/css/images/service-page-btn.gif]
[www.dispertapa-kotabandung.com/css/images/view-project.png]
[www.dispertapa-kotabandung.com/css/images/view-project-hover.png]
[www.dispertapa-kotabandung.com/css/images/project-item-image-holder.png]
[www.dispertapa-kotabandung.com/css/images/gallery-project-image-holder.png]
[www.dispertapa-kotabandung.com/css/images/project-gallery-magnifier.png]
[www.dispertapa-kotabandung.com/css/images/footer-cols-separator.gif]
[www.dispertapa-kotabandung.com/css/images/find-out-more.gif]
[www.dispertapa-kotabandung.com/css/images/screen-bg.png]
[www.dispertapa-kotabandung.com/css/images/login-box-bg.png]
[www.dispertapa-kotabandung.com/css/images/login-btn.gif]
[www.dispertapa-kotabandung.com/css/images/close-btn.gif]
[www.dispertapa-kotabandung.com/css/images/under-construction-logo-holder.gif]
[www.dispertapa-kotabandung.com/css/images/socials-holder.gif]
[www.dispertapa-kotabandung.com/css/style.css]
[www.dispertapa-kotabandung.com/js/fancybox/fancybox.png]
[www.dispertapa-kotabandung.com/js/fancybox/blank.gif]
[www.dispertapa-kotabandung.com/js/fancybox/fancybox-x.png]
[www.dispertapa-kotabandung.com/js/fancybox/fancybox-y.png]
[www.dispertapa-kotabandung.com/js/fancybox/fancy_title_over.png]
[www.dispertapa-kotabandung.com/js/fancybox/jquery.fancybox-1.3.2.css]
[www.dispertapa-kotabandung.com/js/jquery.easing.1.3.html]
[www.dispertapa-kotabandung.com/js/jquery.jcarousel.html]
[www.dispertapa-kotabandung.com/index-2.html]
[www.dispertapa-kotabandung.com/includes/jquery-1.6.2a65d.js]
[www.dispertapa-kotabandung.com/includes/jquery-ui-1.8.13.custom.minbf7f.js]
[www.dispertapa-kotabandung.com/includes/jquery.cycle.lite52a2.js]
[www.dispertapa-kotabandung.com/index49c9.html]
[www.dispertapa-kotabandung.com/includes/jquery-1.6.21523.js]
[www.dispertapa-kotabandung.com/includes/jquery-ui-1.8.13.custom.minaa5c.js]
[www.dispertapa-kotabandung.com/includes/jquery.cycle.lite6a04.js]
[www.dispertapa-kotabandung.com/images/slide2.png]
[www.dispertapa-kotabandung.com/images/slide2-1.png]
[www.dispertapa-kotabandung.com/images/slide2-2.png]
[www.dispertapa-kotabandung.com/images/slide2-3.png]
[www.dispertapa-kotabandung.com/index7026.html]
[www.dispertapa-kotabandung.com/includes/jquery-1.6.2b9a3.js]
[www.dispertapa-kotabandung.com/includes/jquery-ui-1.8.13.custom.mind92a.js]
[www.dispertapa-kotabandung.com/includes/jquery.cycle.litef56a.js]
[www.dispertapa-kotabandung.com/indexb8e7.html]
[www.dispertapa-kotabandung.com/includes/jquery-1.6.2b5a2.js]
[www.dispertapa-kotabandung.com/includes/jquery-ui-1.8.13.custom.min7ab2.js]
[www.dispertapa-kotabandung.com/includes/jquery.cycle.lite5bff.js]
[www.dispertapa-kotabandung.com/index76bb.html]
[www.dispertapa-kotabandung.com/includes/jquery-1.6.2a1f6.js]
[www.dispertapa-kotabandung.com/includes/jquery-ui-1.8.13.custom.minac0b.js]
[www.dispertapa-kotabandung.com/includes/jquery.cycle.lite9acf.js]
[www.dispertapa-kotabandung.com/index79cd.html]
[www.dispertapa-kotabandung.com/includes/jquery-1.6.2a833.js]
[www.dispertapa-kotabandung.com/includes/jquery-ui-1.8.13.custom.minc282.js]
[www.dispertapa-kotabandung.com/includes/jquery.cycle.lite3ac2.js]
[www.dispertapa-kotabandung.com/images/berita/180102112127-puluhan-pasar-tradisional-dan-retail-di-kota-bandung-miliki-mini-labolatorium.jpg]
[www.dispertapa-kotabandung.com/images/berita/kartu tani.jpg]
[www.dispertapa-kotabandung.com/images/berita/70c1ca3d-a131-4252-a44b-8eb2eaff9e9a_169.jpg]
[www.dispertapa-kotabandung.com/images/berita/ELLY WASLIYAH.jpg]
[www.dispertapa-kotabandung.com/images/berita/171206141421-miliki-mobil-mini-lab-kini-dispangtan-kota-bandung-bisa-tes-halal-di-pasar.jpg]
[www.dispertapa-kotabandung.com/index06d4.html]
[www.dispertapa-kotabandung.com/includes/jquery-1.6.2608a.js]
[www.dispertapa-kotabandung.com/includes/jquery-ui-1.8.13.custom.minfeaa.js]
[www.dispertapa-kotabandung.com/includes/jquery.cycle.litea31c.js]
[www.dispertapa-kotabandung.com/indexdeb2.html]
[www.dispertapa-kotabandung.com/includes/jquery-1.6.292bb.js]
[www.dispertapa-kotabandung.com/includes/jquery-ui-1.8.13.custom.minb1ab.js]
[www.dispertapa-kotabandung.com/includes/jquery.cycle.lite4688.js]
[www.dispertapa-kotabandung.com/images/galeri.png]
[www.dispertapa-kotabandung.com/images_content/Kegiatan vaksinasi rabies dan pengobatan di Kel. Babakan Asih Kec. Bojongloa Kaler 2.jpg]
[www.dispertapa-kotabandung.com/images_content/Penataan instalasi hidroponik dan vertikal garden di lokasi P2WKSS RW 07 Kel. Kopo Kec. Bojongloa Kaler.jpg]
[www.dispertapa-kotabandung.com/images_content/Aktivitas di UPT Pembibitan TPHP di Sekemala 4.jpg]
[www.dispertapa-kotabandung.com/images_content/Menindaklanjuti laporan kematian unggas di lapas Sukamiskin dan pengobatan yang sakit (indikasi pullorum) Tgl 19 Oktober 2017.jpg]
[www.dispertapa-kotabandung.com/images_content/WhatsApp Image 2017-10-19 at 15.39.36.jpg]
[www.dispertapa-kotabandung.com/images_content/Kegiatan vaksinasi rabies dan flu burung di Kel. Suka Asih Kec. Bojongloa kaler 19 Oktober 2017.jpg]
[www.dispertapa-kotabandung.com/images_content/Koordinasi sekaligus penyerahan Bantuan beras Premium ke Kel. Bbk Penghulu Kec. Cinambo dlm rangka Kunjungan Bp. Wkl. Walikota Bdg 19 Oktober 2017.jpg]
[www.dispertapa-kotabandung.com/images_content/Pemeriksaan pangan segar hasil perikanan di pasar modern griya cimbuleuit 28 September 2017.jpg]
[www.dispertapa-kotabandung.com/images_content/Aktivitas UPT Pembibitan TPHP di Sekemala (1).jpg]
[www.dispertapa-kotabandung.com/images_content/Sekolah Lapang Cabai Rawit ke V I di kelurahan Cibaduyut Wetan kec Bojongloa Kidul.jpg]
[www.dispertapa-kotabandung.com/images_content/Pemeliharaan Puyuh di UPT Pembibitan TPHP di Sekemala.jpg]
[www.dispertapa-kotabandung.com/images_content/Pembibitan Terong di UPT Pembibitan TPHP.jpg]
[www.dispertapa-kotabandung.com/indexd7b3.html]
[www.dispertapa-kotabandung.com/includes/jquery-1.6.2cfb5.js]
[www.dispertapa-kotabandung.com/includes/jquery-ui-1.8.13.custom.min6c5b.js]
[www.dispertapa-kotabandung.com/includes/jquery.cycle.liteafe6.js]
[www.dispertapa-kotabandung.com/index1b20.html]
[www.dispertapa-kotabandung.com/includes/jquery-1.6.21683.js]
[www.dispertapa-kotabandung.com/includes/jquery-ui-1.8.13.custom.min195d.js]
[www.dispertapa-kotabandung.com/includes/jquery.cycle.lite24a2.js]
[www.dispertapa-kotabandung.com/images/folder.png]
[www.dispertapa-kotabandung.com/index7330.html]
[www.dispertapa-kotabandung.com/includes/jquery-1.6.25c4d.js]
[www.dispertapa-kotabandung.com/includes/jquery-ui-1.8.13.custom.minad63.js]
[www.dispertapa-kotabandung.com/includes/jquery.cycle.litecf9d.js]
[www.dispertapa-kotabandung.com/images_content/IMG_2493.jpg]
[www.dispertapa-kotabandung.com/images_content/New Picture (14).png]
[www.dispertapa-kotabandung.com/images_content/New Picture (13).png]
[www.dispertapa-kotabandung.com/images_content/New Picture (12).png]
[www.dispertapa-kotabandung.com/images_content/New Picture (11).png]
[www.dispertapa-kotabandung.com/images_content/New Picture (10).png]
[www.dispertapa-kotabandung.com/images_content/New Picture (4).png]
[www.dispertapa-kotabandung.com/images_content/New Picture (3).png]
[www.dispertapa-kotabandung.com/index5e63.html]
[www.dispertapa-kotabandung.com/includes/jquery-1.6.2cc86.js]
[www.dispertapa-kotabandung.com/includes/jquery-ui-1.8.13.custom.minac6b.js]
[www.dispertapa-kotabandung.com/includes/jquery.cycle.liteaf0d.js]
[www.dispertapa-kotabandung.com/index08eb.html]
[www.dispertapa-kotabandung.com/includes/jquery-1.6.2658c.js]
[www.dispertapa-kotabandung.com/includes/jquery-ui-1.8.13.custom.min33c7.js]
[www.dispertapa-kotabandung.com/includes/jquery.cycle.lite444e.js]
[www.dispertapa-kotabandung.com/indexaec9.html]
[www.dispertapa-kotabandung.com/images_content/azx.html]
[www.dispertapa-kotabandung.com/images_content/scarlett.html]
[www.dispertapa-kotabandung.com/images_content/01.jpg]
[www.dispertapa-kotabandung.com/images_content/02.jpg]
[www.dispertapa-kotabandung.com/images_content/03.jpg]
[www.dispertapa-kotabandung.com/images_content/04.jpg]
[www.dispertapa-kotabandung.com/images_content/05.jpg]
[www.dispertapa-kotabandung.com/images_content/index.html]
[www.dispertapa-kotabandung.com/indexa796.html]
[www.dispertapa-kotabandung.com/index9b5b.html]
[www.dispertapa-kotabandung.com/index81f3.html]
[www.dispertapa-kotabandung.com/index0bee.html]
[www.dispertapa-kotabandung.com/indexfdfb.html]
[www.dispertapa-kotabandung.com/indexde54.html]
[www.dispertapa-kotabandung.com/index5f30.html]
[www.dispertapa-kotabandung.com/index8f06.html]
[www.dispertapa-kotabandung.com/index55ca.html]
[www.dispertapa-kotabandung.com/index28ca.html]
[www.dispertapa-kotabandung.com/index975f.html]
[www.dispertapa-kotabandung.com/index0311.html]
[www.dispertapa-kotabandung.com/index7800.html]
[www.dispertapa-kotabandung.com/indexca0e.html]
[www.dispertapa-kotabandung.com/index5dff.html]
[www.dispertapa-kotabandung.com/index394b.html]
[www.dispertapa-kotabandung.com/indexb6eb.html]
[www.dispertapa-kotabandung.com/index6e49.html]
[www.dispertapa-kotabandung.com/indexb6c7.html]
[www.dispertapa-kotabandung.com/index9aad.html]
[www.dispertapa-kotabandung.com/index957c.html]
[www.dispertapa-kotabandung.com/index451c.html]
[www.dispertapa-kotabandung.com/indexf619.html]
[www.dispertapa-kotabandung.com/indexff68.html]
[www.dispertapa-kotabandung.com/indexeead.html]
[www.dispertapa-kotabandung.com/indexdf6f.html]
[www.dispertapa-kotabandung.com/index06c5.html]
[www.dispertapa-kotabandung.com/index4064.html]
[www.dispertapa-kotabandung.com/indexe68e.html]
[www.dispertapa-kotabandung.com/indexa169.html]
[www.dispertapa-kotabandung.com/index0207.html]
[www.dispertapa-kotabandung.com/index090e.html]
[www.dispertapa-kotabandung.com/indexa11e.html]
[www.dispertapa-kotabandung.com/index88f2.html]
[www.dispertapa-kotabandung.com/index48fa.html]
[www.dispertapa-kotabandung.com/index693d.html]
[www.dispertapa-kotabandung.com/index7b69.html]
[www.dispertapa-kotabandung.com/index9701.html]
[www.dispertapa-kotabandung.com/indexf785.html]
[www.dispertapa-kotabandung.com/index8f0c.html]
[www.dispertapa-kotabandung.com/indexbf62.html]
[www.dispertapa-kotabandung.com/index0277.html]
[www.dispertapa-kotabandung.com/indexee93.html]
[www.dispertapa-kotabandung.com/index9cb0.html]
[www.dispertapa-kotabandung.com/index50a3.html]
[www.dispertapa-kotabandung.com/index35ab.html]
[www.dispertapa-kotabandung.com/indexeb4f.html]
[www.dispertapa-kotabandung.com/index7864.html]
[www.dispertapa-kotabandung.com/index7032.html]
[www.dispertapa-kotabandung.com/indexbddf.html]
[www.dispertapa-kotabandung.com/index225e.html]
[www.dispertapa-kotabandung.com/index2c84.html]
[www.dispertapa-kotabandung.com/indexb05e.html]
[www.dispertapa-kotabandung.com/indexa0b5.html]
[www.dispertapa-kotabandung.com/index014e.html]
[www.dispertapa-kotabandung.com/index226e.html]
[www.dispertapa-kotabandung.com/index7840.html]
[www.dispertapa-kotabandung.com/indexa88a.html]
[www.dispertapa-kotabandung.com/index3971.html]
[www.dispertapa-kotabandung.com/indexa17b.html]
[www.dispertapa-kotabandung.com/index0328.html]
[www.dispertapa-kotabandung.com/indexd02b.html]
[www.dispertapa-kotabandung.com/indexdc36.html]
[www.dispertapa-kotabandung.com/index4b5b.html]
[www.dispertapa-kotabandung.com/index1b4c.html]
[www.dispertapa-kotabandung.com/index7c42.html]
[www.dispertapa-kotabandung.com/index844f.html]
[www.dispertapa-kotabandung.com/index9dd5.html]
[www.dispertapa-kotabandung.com/index9ece.html]
[www.dispertapa-kotabandung.com/index05ed.html]
[www.dispertapa-kotabandung.com/index4abb.html]
[www.dispertapa-kotabandung.com/index7f04.html]
[www.dispertapa-kotabandung.com/index401e.html]
[www.dispertapa-kotabandung.com/indexc9a3.html]
[www.dispertapa-kotabandung.com/index8457.html]
[www.dispertapa-kotabandung.com/indexe625.html]
